// Vitest Snapshot v1, https://vitest.dev/guide/snapshot.html

exports[`GET /saml2/idp/metadata > has a stable shape (certificates redacted) 1`] = `
"<EntityDescriptor xmlns="urn:oasis:names:tc:SAML:2.0:metadata" xmlns:assertion="urn:oasis:names:tc:SAML:2.0:assertion" xmlns:ds="http://www.w3.org/2000/09/xmldsig#" entityID="https://auth.test/api/auth/saml2/idp">
<IDPSSODescriptor WantAuthnRequestsSigned="false" protocolSupportEnumeration="urn:oasis:names:tc:SAML:2.0:protocol">
<KeyDescriptor use="signing">
<ds:KeyInfo xmlns:ds="http://www.w3.org/2000/09/xmldsig#">
<ds:X509Data>
<ds:X509Certificate>[redacted]</ds:X509Certificate>
</ds:X509Data>
</ds:KeyInfo>
</KeyDescriptor>
<NameIDFormat>urn:oasis:names:tc:SAML:1.1:nameid-format:emailAddress</NameIDFormat>
<SingleSignOnService Binding="urn:oasis:names:tc:SAML:2.0:bindings:HTTP-Redirect" Location="https://auth.test/api/auth/saml2/idp/sso">
</SingleSignOnService>
<SingleSignOnService Binding="urn:oasis:names:tc:SAML:2.0:bindings:HTTP-POST" Location="https://auth.test/api/auth/saml2/idp/sso">
</SingleSignOnService>
</IDPSSODescriptor>
</EntityDescriptor>"
`;
